[2026. 9. 6. 오전 8:36:26] Scrape started.
[2026. 9. 6. 오전 8:36:26] Scrape finished. Updated: 12, Errors/Empty: 5.
[2026. 9. 6. 오전 8:41:55] Scrape started.
[2026. 9. 6. 오전 8:41:55] Scrape finished. Updated: 12, Empty: 5, Errors: 0.
  - Empty: TIGER 배당프리미엄(139260), KODEX CD금리액티브(합성)(459580), KODEX 200타겟위클리커버드콜(472170), KODEX 미국배당+10%프리미엄다우존스(475230), KODEX 미국S&P500타겟위클리커버드콜(합성 H)(480460)
[2026. 9. 6. 오전 8:44:38] Scrape started.
[2026. 9. 6. 오전 8:44:38] Scrape finished. Updated: 12, Empty: 5, Errors: 0.
  - Empty: TIGER 배당프리미엄(139260), KODEX CD금리액티브(합성)(459580), KODEX 200타겟위클리커버드콜(472170), KODEX 미국배당+10%프리미엄다우존스(475230), KODEX 미국S&P500타겟위클리커버드콜(합성 H)(480460)
[2026. 9. 7. AM 7:47:40] Scrape started.
[2026. 9. 7. AM 7:47:40] Scrape finished. Updated: 8, Errors/Empty: 9.
[2026. 9. 8. AM 8:21:10] Scrape started.
[2026. 9. 8. AM 8:21:10] Scrape finished. Fetched: 10, Empty: 7, Errors: 0. Data changed: No
  - Empty: TIGER 배당프리미엄(139260), KODEX CD금리액티브(합성)(459580), TIGER 은행고배당플러스TOP10(466940), KODEX 200타겟위클리커버드콜(472170), KODEX 미국배당+10%프리미엄다우존스(475230), TIGER 미국30년국채커버드콜액티브(H)(476550), KODEX 미국S&P500타겟위클리커버드콜(합성 H)(480460)
[2026. 9. 9. AM 8:15:09] Scrape started.
[2026. 9. 9. AM 8:15:09] Scrape finished. Fetched: 10, Empty: 7, Errors: 0. Data changed: No
  - Empty: TIGER 배당프리미엄(139260), KODEX CD금리액티브(합성)(459580), TIGER 은행고배당플러스TOP10(466940), KODEX 200타겟위클리커버드콜(472170), KODEX 미국배당+10%프리미엄다우존스(475230), TIGER 미국30년국채커버드콜액티브(H)(476550), KODEX 미국S&P500타겟위클리커버드콜(합성 H)(480460)
[2026. 9. 10. AM 8:03:39] Scrape started.
[2026. 9. 10. AM 8:03:39] Scrape finished. Fetched: 10, Empty: 7, Errors: 0. Data changed: No
  - Empty: TIGER 배당프리미엄(139260), KODEX CD금리액티브(합성)(459580), TIGER 은행고배당플러스TOP10(466940), KODEX 200타겟위클리커버드콜(472170), KODEX 미국배당+10%프리미엄다우존스(475230), TIGER 미국30년국채커버드콜액티브(H)(476550), KODEX 미국S&P500타겟위클리커버드콜(합성 H)(480460)
[2026. 9. 11. AM 7:59:37] Scrape started.
[2026. 9. 11. AM 7:59:37] Scrape finished. Fetched: 10, Empty: 7, Errors: 0. Data changed: No
  - Empty: TIGER 배당프리미엄(139260), KODEX CD금리액티브(합성)(459580), TIGER 은행고배당플러스TOP10(466940), KODEX 200타겟위클리커버드콜(472170), KODEX 미국배당+10%프리미엄다우존스(475230), TIGER 미국30년국채커버드콜액티브(H)(476550), KODEX 미국S&P500타겟위클리커버드콜(합성 H)(480460)
[2026. 9. 12. AM 8:04:21] Scrape started.
[2026. 9. 12. AM 8:04:21] Scrape finished. Fetched: 10, Empty: 7, Errors: 0. Data changed: Yes
  - Empty: TIGER 배당프리미엄(139260), KODEX CD금리액티브(합성)(459580), TIGER 은행고배당플러스TOP10(466940), KODEX 200타겟위클리커버드콜(472170), KODEX 미국배당+10%프리미엄다우존스(475230), TIGER 미국30년국채커버드콜액티브(H)(476550), KODEX 미국S&P500타겟위클리커버드콜(합성 H)(480460)
[2026. 9. 13. AM 7:54:19] Scrape started.
[2026. 9. 13. AM 7:54:19] Scrape finished. Fetched: 10, Empty: 7, Errors: 0. Data changed: No
  - Empty: TIGER 배당프리미엄(139260), KODEX CD금리액티브(합성)(459580), TIGER 은행고배당플러스TOP10(466940), KODEX 200타겟위클리커버드콜(472170), KODEX 미국배당+10%프리미엄다우존스(475230), TIGER 미국30년국채커버드콜액티브(H)(476550), KODEX 미국S&P500타겟위클리커버드콜(합성 H)(480460)
[2026. 9. 14. AM 8:00:00] Scrape started.
[2026. 9. 14. AM 8:00:00] Scrape finished. Fetched: 10, Empty: 7, Errors: 0. Data changed: Yes
  - Empty: TIGER 배당프리미엄(139260), KODEX CD금리액티브(합성)(459580), TIGER 은행고배당플러스TOP10(466940), KODEX 200타겟위클리커버드콜(472170), KODEX 미국배당+10%프리미엄다우존스(475230), TIGER 미국30년국채커버드콜액티브(H)(476550), KODEX 미국S&P500타겟위클리커버드콜(합성 H)(480460)
[2026. 9. 15. AM 8:44:05] Scrape started.
[2026. 9. 15. AM 8:44:05] Scrape finished. Fetched: 7, Empty: 7, Errors: 3. Data changed: No
  - Empty: TIGER 배당프리미엄(139260), KODEX CD금리액티브(합성)(459580), TIGER 은행고배당플러스TOP10(466940), KODEX 200타겟위클리커버드콜(472170), KODEX 미국배당+10%프리미엄다우존스(475230), TIGER 미국30년국채커버드콜액티브(H)(476550), KODEX 미국S&P500타겟위클리커버드콜(합성 H)(480460)
  - Errors:
    [PLUS 고배당주위클리고정커버드콜(0018C0)] Navigation timeout of 30000 ms exceeded
    [SOL 팔란티어커버드콜OTM채권혼합(0040Y0)] SOL API Error: fetch failed
    [SOL 팔란티어미국채커버드콜혼합(0040X0)] SOL API Error: fetch failed
[2026. 9. 16. AM 8:27:42] Scrape started.
[2026. 9. 16. AM 8:27:42] Scrape finished. Fetched: 8, Empty: 7, Errors: 2. Data changed: Yes
  - Empty: TIGER 배당프리미엄(139260), KODEX CD금리액티브(합성)(459580), TIGER 은행고배당플러스TOP10(466940), KODEX 200타겟위클리커버드콜(472170), KODEX 미국배당+10%프리미엄다우존스(475230), TIGER 미국30년국채커버드콜액티브(H)(476550), KODEX 미국S&P500타겟위클리커버드콜(합성 H)(480460)
  - Errors:
    [SOL 팔란티어커버드콜OTM채권혼합(0040Y0)] SOL API Error: fetch failed
    [SOL 팔란티어미국채커버드콜혼합(0040X0)] SOL API Error: fetch failed
[2026. 9. 17. AM 8:34:57] Scrape started.
[2026. 9. 17. AM 8:34:57] Scrape finished. Fetched: 10, Empty: 7, Errors: 0. Data changed: No
  - Empty: TIGER 배당프리미엄(139260), KODEX CD금리액티브(합성)(459580), TIGER 은행고배당플러스TOP10(466940), KODEX 200타겟위클리커버드콜(472170), KODEX 미국배당+10%프리미엄다우존스(475230), TIGER 미국30년국채커버드콜액티브(H)(476550), KODEX 미국S&P500타겟위클리커버드콜(합성 H)(480460)
[2026. 9. 18. AM 8:26:50] Scrape started.
[2026. 9. 18. AM 8:26:50] Scrape finished. Fetched: 9, Empty: 7, Errors: 1. Data changed: No
  - Empty: TIGER 배당프리미엄(139260), KODEX CD금리액티브(합성)(459580), TIGER 은행고배당플러스TOP10(466940), KODEX 200타겟위클리커버드콜(472170), KODEX 미국배당+10%프리미엄다우존스(475230), TIGER 미국30년국채커버드콜액티브(H)(476550), KODEX 미국S&P500타겟위클리커버드콜(합성 H)(480460)
  - Errors:
    [PLUS 고배당주위클리고정커버드콜(0018C0)] net::ERR_NAME_NOT_RESOLVED at https://www.plusetf.co.kr/product/detail?n=006382
[2026. 9. 19. AM 8:07:44] Scrape started.
[2026. 9. 19. AM 8:07:44] Scrape finished. Fetched: 10, Empty: 7, Errors: 0. Data changed: No
  - Empty: TIGER 배당프리미엄(139260), KODEX CD금리액티브(합성)(459580), TIGER 은행고배당플러스TOP10(466940), KODEX 200타겟위클리커버드콜(472170), KODEX 미국배당+10%프리미엄다우존스(475230), TIGER 미국30년국채커버드콜액티브(H)(476550), KODEX 미국S&P500타겟위클리커버드콜(합성 H)(480460)
[2026. 9. 20. AM 7:45:21] Scrape started.
[2026. 9. 20. AM 7:45:21] Scrape finished. Fetched: 10, Empty: 7, Errors: 0. Data changed: No
  - Empty: TIGER 배당프리미엄(139260), KODEX CD금리액티브(합성)(459580), TIGER 은행고배당플러스TOP10(466940), KODEX 200타겟위클리커버드콜(472170), KODEX 미국배당+10%프리미엄다우존스(475230), TIGER 미국30년국채커버드콜액티브(H)(476550), KODEX 미국S&P500타겟위클리커버드콜(합성 H)(480460)
[2026. 9. 21. AM 8:04:22] Scrape started.
[2026. 9. 21. AM 8:04:22] Scrape finished. Fetched: 10, Empty: 7, Errors: 0. Data changed: No
  - Empty: TIGER 배당프리미엄(139260), KODEX CD금리액티브(합성)(459580), TIGER 은행고배당플러스TOP10(466940), KODEX 200타겟위클리커버드콜(472170), KODEX 미국배당+10%프리미엄다우존스(475230), TIGER 미국30년국채커버드콜액티브(H)(476550), KODEX 미국S&P500타겟위클리커버드콜(합성 H)(480460)
[2026. 9. 22. AM 8:55:41] Scrape started.
[2026. 9. 22. AM 8:55:41] Scrape finished. Fetched: 8, Empty: 7, Errors: 2. Data changed: No
  - Empty: TIGER 배당프리미엄(139260), KODEX CD금리액티브(합성)(459580), TIGER 은행고배당플러스TOP10(466940), KODEX 200타겟위클리커버드콜(472170), KODEX 미국배당+10%프리미엄다우존스(475230), TIGER 미국30년국채커버드콜액티브(H)(476550), KODEX 미국S&P500타겟위클리커버드콜(합성 H)(480460)
  - Errors:
    [SOL 팔란티어커버드콜OTM채권혼합(0040Y0)] SOL API Error: fetch failed
    [SOL 팔란티어미국채커버드콜혼합(0040X0)] SOL API Error: fetch failed
[2026. 9. 23. AM 8:32:13] Scrape started.
[2026. 9. 23. AM 8:32:13] Scrape finished. Fetched: 10, Empty: 7, Errors: 0. Data changed: No
  - Empty: TIGER 배당프리미엄(139260), KODEX CD금리액티브(합성)(459580), TIGER 은행고배당플러스TOP10(466940), KODEX 200타겟위클리커버드콜(472170), KODEX 미국배당+10%프리미엄다우존스(475230), TIGER 미국30년국채커버드콜액티브(H)(476550), KODEX 미국S&P500타겟위클리커버드콜(합성 H)(480460)
[2026. 9. 24. AM 8:28:18] Scrape started.
[2026. 9. 24. AM 8:28:18] Scrape finished. Fetched: 10, Empty: 7, Errors: 0. Data changed: No
  - Empty: TIGER 배당프리미엄(139260), KODEX CD금리액티브(합성)(459580), TIGER 은행고배당플러스TOP10(466940), KODEX 200타겟위클리커버드콜(472170), KODEX 미국배당+10%프리미엄다우존스(475230), TIGER 미국30년국채커버드콜액티브(H)(476550), KODEX 미국S&P500타겟위클리커버드콜(합성 H)(480460)
[2026. 9. 25. AM 8:47:57] Scrape started.
[2026. 9. 25. AM 8:47:57] Scrape finished. Fetched: 10, Empty: 7, Errors: 0. Data changed: No
  - Empty: TIGER 배당프리미엄(139260), KODEX CD금리액티브(합성)(459580), TIGER 은행고배당플러스TOP10(466940), KODEX 200타겟위클리커버드콜(472170), KODEX 미국배당+10%프리미엄다우존스(475230), TIGER 미국30년국채커버드콜액티브(H)(476550), KODEX 미국S&P500타겟위클리커버드콜(합성 H)(480460)
[2026. 9. 26. AM 8:53:38] Scrape started.
[2026. 9. 26. AM 8:53:38] Scrape finished. Fetched: 10, Empty: 7, Errors: 0. Data changed: No
  - Empty: TIGER 배당프리미엄(139260), KODEX CD금리액티브(합성)(459580), TIGER 은행고배당플러스TOP10(466940), KODEX 200타겟위클리커버드콜(472170), KODEX 미국배당+10%프리미엄다우존스(475230), TIGER 미국30년국채커버드콜액티브(H)(476550), KODEX 미국S&P500타겟위클리커버드콜(합성 H)(480460)
[2026. 9. 27. AM 8:25:28] Scrape started.
[2026. 9. 27. AM 8:25:28] Scrape finished. Fetched: 8, Empty: 7, Errors: 2. Data changed: No
  - Empty: TIGER 배당프리미엄(139260), KODEX CD금리액티브(합성)(459580), TIGER 은행고배당플러스TOP10(466940), KODEX 200타겟위클리커버드콜(472170), KODEX 미국배당+10%프리미엄다우존스(475230), TIGER 미국30년국채커버드콜액티브(H)(476550), KODEX 미국S&P500타겟위클리커버드콜(합성 H)(480460)
  - Errors:
    [SOL 팔란티어커버드콜OTM채권혼합(0040Y0)] SOL API Error: fetch failed
    [SOL 팔란티어미국채커버드콜혼합(0040X0)] SOL API Error: fetch failed
[2026. 9. 28. AM 8:42:48] Scrape started.
[2026. 9. 28. AM 8:42:48] Scrape finished. Fetched: 9, Empty: 7, Errors: 1. Data changed: No
  - Empty: TIGER 배당프리미엄(139260), KODEX CD금리액티브(합성)(459580), TIGER 은행고배당플러스TOP10(466940), KODEX 200타겟위클리커버드콜(472170), KODEX 미국배당+10%프리미엄다우존스(475230), TIGER 미국30년국채커버드콜액티브(H)(476550), KODEX 미국S&P500타겟위클리커버드콜(합성 H)(480460)
  - Errors:
    [PLUS 고배당주위클리고정커버드콜(0018C0)] net::ERR_NAME_NOT_RESOLVED at https://www.plusetf.co.kr/product/detail?n=006382
[2026. 9. 29. AM 9:52:38] Scrape started.
[2026. 9. 29. AM 9:52:38] Scrape finished. Fetched: 10, Empty: 7, Errors: 0. Data changed: Yes
  - Empty: TIGER 배당프리미엄(139260), KODEX CD금리액티브(합성)(459580), TIGER 은행고배당플러스TOP10(466940), KODEX 200타겟위클리커버드콜(472170), KODEX 미국배당+10%프리미엄다우존스(475230), TIGER 미국30년국채커버드콜액티브(H)(476550), KODEX 미국S&P500타겟위클리커버드콜(합성 H)(480460)
[2026. 9. 30. AM 9:08:52] Scrape started.
[2026. 9. 30. AM 9:08:52] Scrape finished. Fetched: 10, Empty: 7, Errors: 0. Data changed: No
  - Empty: TIGER 배당프리미엄(139260), KODEX CD금리액티브(합성)(459580), TIGER 은행고배당플러스TOP10(466940), KODEX 200타겟위클리커버드콜(472170), KODEX 미국배당+10%프리미엄다우존스(475230), TIGER 미국30년국채커버드콜액티브(H)(476550), KODEX 미국S&P500타겟위클리커버드콜(합성 H)(480460)
[2026. 10. 1. AM 9:25:25] Scrape started.
[2026. 10. 1. AM 9:25:25] Scrape finished. Fetched: 10, Empty: 7, Errors: 0. Data changed: No
  - Empty: TIGER 배당프리미엄(139260), KODEX CD금리액티브(합성)(459580), TIGER 은행고배당플러스TOP10(466940), KODEX 200타겟위클리커버드콜(472170), KODEX 미국배당+10%프리미엄다우존스(475230), TIGER 미국30년국채커버드콜액티브(H)(476550), KODEX 미국S&P500타겟위클리커버드콜(합성 H)(480460)
[2026. 10. 2. AM 9:35:50] Scrape started.
[2026. 10. 2. AM 9:35:50] Scrape finished. Fetched: 10, Empty: 7, Errors: 0. Data changed: No
  - Empty: TIGER 배당프리미엄(139260), KODEX CD금리액티브(합성)(459580), TIGER 은행고배당플러스TOP10(466940), KODEX 200타겟위클리커버드콜(472170), KODEX 미국배당+10%프리미엄다우존스(475230), TIGER 미국30년국채커버드콜액티브(H)(476550), KODEX 미국S&P500타겟위클리커버드콜(합성 H)(480460)
[2026. 10. 3. AM 9:15:53] Scrape started.
[2026. 10. 3. AM 9:15:53] Scrape finished. Fetched: 8, Empty: 7, Errors: 2. Data changed: No
  - Empty: TIGER 배당프리미엄(139260), KODEX CD금리액티브(합성)(459580), TIGER 은행고배당플러스TOP10(466940), KODEX 200타겟위클리커버드콜(472170), KODEX 미국배당+10%프리미엄다우존스(475230), TIGER 미국30년국채커버드콜액티브(H)(476550), KODEX 미국S&P500타겟위클리커버드콜(합성 H)(480460)
  - Errors:
    [SOL 팔란티어커버드콜OTM채권혼합(0040Y0)] SOL API Error: fetch failed
    [SOL 팔란티어미국채커버드콜혼합(0040X0)] SOL API Error: fetch failed
[2026. 10. 4. AM 8:36:09] Scrape started.
[2026. 10. 4. AM 8:36:09] Scrape finished. Fetched: 10, Empty: 7, Errors: 0. Data changed: No
  - Empty: TIGER 배당프리미엄(139260), KODEX CD금리액티브(합성)(459580), TIGER 은행고배당플러스TOP10(466940), KODEX 200타겟위클리커버드콜(472170), KODEX 미국배당+10%프리미엄다우존스(475230), TIGER 미국30년국채커버드콜액티브(H)(476550), KODEX 미국S&P500타겟위클리커버드콜(합성 H)(480460)
[2026. 10. 5. AM 8:52:45] Scrape started.
[2026. 10. 5. AM 8:52:45] Scrape finished. Fetched: 10, Empty: 7, Errors: 0. Data changed: No
  - Empty: TIGER 배당프리미엄(139260), KODEX CD금리액티브(합성)(459580), TIGER 은행고배당플러스TOP10(466940), KODEX 200타겟위클리커버드콜(472170), KODEX 미국배당+10%프리미엄다우존스(475230), TIGER 미국30년국채커버드콜액티브(H)(476550), KODEX 미국S&P500타겟위클리커버드콜(합성 H)(480460)
[2026. 10. 6. AM 10:41:47] Scrape started.
[2026. 10. 6. AM 10:41:47] Scrape finished. Fetched: 10, Empty: 7, Errors: 0. Data changed: No
  - Empty: TIGER 배당프리미엄(139260), KODEX CD금리액티브(합성)(459580), TIGER 은행고배당플러스TOP10(466940), KODEX 200타겟위클리커버드콜(472170), KODEX 미국배당+10%프리미엄다우존스(475230), TIGER 미국30년국채커버드콜액티브(H)(476550), KODEX 미국S&P500타겟위클리커버드콜(합성 H)(480460)
[2026. 10. 7. AM 9:28:53] Scrape started.
[2026. 10. 7. AM 9:28:53] Scrape finished. Fetched: 10, Empty: 7, Errors: 0. Data changed: No
  - Empty: TIGER 배당프리미엄(139260), KODEX CD금리액티브(합성)(459580), TIGER 은행고배당플러스TOP10(466940), KODEX 200타겟위클리커버드콜(472170), KODEX 미국배당+10%프리미엄다우존스(475230), TIGER 미국30년국채커버드콜액티브(H)(476550), KODEX 미국S&P500타겟위클리커버드콜(합성 H)(480460)
[2026. 10. 8. AM 9:49:10] Scrape started.
[2026. 10. 8. AM 9:49:10] Scrape finished. Fetched: 8, Empty: 7, Errors: 2. Data changed: No
  - Empty: TIGER 배당프리미엄(139260), KODEX CD금리액티브(합성)(459580), TIGER 은행고배당플러스TOP10(466940), KODEX 200타겟위클리커버드콜(472170), KODEX 미국배당+10%프리미엄다우존스(475230), TIGER 미국30년국채커버드콜액티브(H)(476550), KODEX 미국S&P500타겟위클리커버드콜(합성 H)(480460)
  - Errors:
    [SOL 팔란티어커버드콜OTM채권혼합(0040Y0)] SOL API Error: fetch failed
    [SOL 팔란티어미국채커버드콜혼합(0040X0)] SOL API Error: fetch failed
